rm -rf mlog/
mkdir -p mlog/relay mlog/client
Running interop tests...
  Relay:  ghcr.io/hakkadaikon/wired-moqt-interop:latest
  Client: ghcr.io/endel/quic-zig-moq-client:latest
  URL:    https://relay:4443
time="2026-10-05T14:35:44Z" level=warning msg="The \"PORT\" variable is not set. Defaulting to a blank string."
time="2026-10-05T14:35:44Z" level=warning msg="The \"PORT\" variable is not set. Defaulting to a blank string."
time="2026-10-05T14:35:44Z" level=warning msg="The \"PORT\" variable is not set. Defaulting to a blank string."
time="2026-10-05T14:35:44Z" level=warning msg="The \"HEX\" variable is not set. Defaulting to a blank string."
time="2026-10-05T14:35:44Z" level=warning msg="The \"HEX\" variable is not set. Defaulting to a blank string."
 Container runner-copy-test-client-1 Recreate 
 Container runner-copy-test-client-1 Recreated 
Attaching to relay-1, test-client-1
 Container runner-copy-relay-1 Starting 
relay-1  | cert.pem: 1 cert
 Container runner-copy-relay-1 Started 
 Container runner-copy-relay-1 Waiting 
 Container runner-copy-relay-1 Healthy 
 Container runner-copy-test-client-1 Starting 
test-client-1  | TAP version 14
test-client-1  | # moq-test-client v0.3.0
test-client-1  | # Relay: https://relay:4443
test-client-1  | # Draft: draft-18
test-client-1  | 1..7
 Container runner-copy-test-client-1 Started 
test-client-1  | ok 1 - setup-only
test-client-1  |   ---
test-client-1  |   duration_ms: 7
test-client-1  |   implementation_version: "quic-zig/0.3.0"
test-client-1  |   sessions:
test-client-1  |     client:
test-client-1  |       moqt_version: "moqt-18"
test-client-1  |       transport: "webtransport-h3"
test-client-1  |   ...
relay-1        | conn closed by peer (CONNECTION_CLOSE)
test-client-1  | ok 2 - announce-only
test-client-1  |   ---
test-client-1  |   duration_ms: 3
test-client-1  |   implementation_version: "quic-zig/0.3.0"
test-client-1  |   sessions:
test-client-1  |     client:
test-client-1  |       moqt_version: "moqt-18"
test-client-1  |       transport: "webtransport-h3"
test-client-1  |   ...
relay-1        | conn closed by peer (CONNECTION_CLOSE)
relay-1        | conn closed by peer (CONNECTION_CLOSE)
test-client-1  | ok 3 - publish-namespace-done
test-client-1  |   ---
test-client-1  |   duration_ms: 4
test-client-1  |   implementation_version: "quic-zig/0.3.0"
test-client-1  |   sessions:
test-client-1  |     client:
test-client-1  |       moqt_version: "moqt-18"
test-client-1  |       transport: "webtransport-h3"
test-client-1  |   ...
test-client-1  | ok 4 - subscribe-error
test-client-1  |   ---
test-client-1  |   duration_ms: 4
test-client-1  |   implementation_version: "quic-zig/0.3.0"
test-client-1  |   sessions:
test-client-1  |     client:
test-client-1  |       moqt_version: "moqt-18"
test-client-1  |       transport: "webtransport-h3"
test-client-1  |   ...
relay-1        | conn closed by peer (CONNECTION_CLOSE)
relay-1        | conn closed by peer (CONNECTION_CLOSE)
test-client-1  | ok 5 - rendezvous-timeout
test-client-1  |   ---
test-client-1  |   duration_ms: 509
test-client-1  |   implementation_version: "quic-zig/0.3.0"
test-client-1  |   sessions:
test-client-1  |     client:
test-client-1  |       moqt_version: "moqt-18"
test-client-1  |       transport: "webtransport-h3"
test-client-1  |   ...
test-client-1  | ok 6 - announce-subscribe
test-client-1  |   ---
test-client-1  |   duration_ms: 11
test-client-1  |   implementation_version: "quic-zig/0.3.0"
test-client-1  |   sessions:
test-client-1  |     client:
test-client-1  |       moqt_version: "moqt-18"
test-client-1  |       transport: "webtransport-h3"
test-client-1  |   ...
relay-1        | conn closed by peer (CONNECTION_CLOSE)
relay-1        | conn closed by peer (CONNECTION_CLOSE)
test-client-1  | ok 7 - subscribe-before-announce
test-client-1  |   ---
test-client-1  |   duration_ms: 4
test-client-1  |   message: "rejected pending subscription (allowed)"
test-client-1  |   implementation_version: "quic-zig/0.3.0"
test-client-1  |   sessions:
test-client-1  |     client:
test-client-1  |       moqt_version: "moqt-18"
test-client-1  |       transport: "webtransport-h3"
test-client-1  |   ...
relay-1        | conn closed by peer (CONNECTION_CLOSE)
[Ktest-client-1 exited with code 0
 Compose Stopping Aborting on container exit...
 Container runner-copy-test-client-1 Stopping 
 Container runner-copy-test-client-1 Stopped 
 Container runner-copy-relay-1 Stopping 
 Container runner-copy-relay-1 Stopped 
[Krelay-1 exited with code 0

Test results in mlog/
