rm -rf mlog/
mkdir -p mlog/relay mlog/client
Running interop tests...
  Relay:  ghcr.io/hakkadaikon/wired-moqt-interop:latest
  Client: ghcr.io/englishm/moq-interop-runner-stitcher-moq-client:latest
  URL:    https://relay:4443
time="2026-10-05T14:35:51Z" level=warning msg="The \"PORT\" variable is not set. Defaulting to a blank string."
time="2026-10-05T14:35:51Z" level=warning msg="The \"PORT\" variable is not set. Defaulting to a blank string."
time="2026-10-05T14:35:51Z" level=warning msg="The \"PORT\" variable is not set. Defaulting to a blank string."
time="2026-10-05T14:35:51Z" level=warning msg="The \"HEX\" variable is not set. Defaulting to a blank string."
time="2026-10-05T14:35:51Z" level=warning msg="The \"HEX\" variable is not set. Defaulting to a blank string."
 Container runner-copy-test-client-1 Recreate 
 Container runner-copy-test-client-1 Recreated 
Attaching to relay-1, test-client-1
 Container runner-copy-relay-1 Starting 
relay-1  | cert.pem: 1 cert
 Container runner-copy-relay-1 Started 
 Container runner-copy-relay-1 Waiting 
 Container runner-copy-relay-1 Healthy 
 Container runner-copy-test-client-1 Starting 
 Container runner-copy-test-client-1 Started 
test-client-1  | TAP version 14
test-client-1  | # stitcher-moq-client v0.2.0 (moq-net 0.3.8 via moq-tokio 0.19.20)
test-client-1  | # Relay: https://relay:4443
test-client-1  | # Offered: moq-transport-22, moq-transport-21, moq-transport-20, moq-transport-19, moq-transport-18, moq-transport-17, moq-transport-16, moq-transport-15, moq-transport-14
test-client-1  | 1..7
test-client-1  | ok 1 - setup-only
test-client-1  |   ---
test-client-1  |   duration_ms: 37
test-client-1  |   negotiated: moq-transport-22
test-client-1  |   ...
relay-1        | conn closed by peer (CONNECTION_CLOSE)
test-client-1  | ok 2 - announce-only
test-client-1  |   ---
test-client-1  |   duration_ms: 713
test-client-1  |   negotiated: moq-transport-22
test-client-1  |   outcome: "PUBLISH_NAMESPACE not rejected: session healthy 700 ms later (moq-net does not surface PUBLISH_NAMESPACE_OK)"
test-client-1  |   ...
relay-1        | conn closed by peer (CONNECTION_CLOSE)
test-client-1  | ok 3 - publish-namespace-done
test-client-1  |   ---
test-client-1  |   duration_ms: 810
test-client-1  |   negotiated: moq-transport-22
test-client-1  |   outcome: "PUBLISH_NAMESPACE_DONE sent; session healthy 300 ms later"
test-client-1  |   ...
relay-1        | conn closed by peer (CONNECTION_CLOSE)
test-client-1  | ok 4 - subscribe-error # SKIP moq-net answers a request for an unannounced path locally (unroutable); no SUBSCRIBE reached the relay
test-client-1  |   ---
test-client-1  |   duration_ms: 307
test-client-1  |   negotiated: moq-transport-22
test-client-1  |   outcome: "request answered locally: unroutable"
test-client-1  |   ...
test-client-1  | ok 5 - rendezvous-timeout # SKIP not implemented: moq-net 0.3 cannot put RENDEZVOUS_TIMEOUT on a SUBSCRIBE
test-client-1  |   ---
test-client-1  |   duration_ms: 0
test-client-1  |   ...
relay-1        | conn closed by peer (CONNECTION_CLOSE)
relay-1        | conn closed by peer (CONNECTION_CLOSE)
test-client-1  | ok 6 - announce-subscribe
test-client-1  |   ---
test-client-1  |   duration_ms: 625
test-client-1  |   negotiated: moq-transport-22
test-client-1  |   outcome: "relay routed the SUBSCRIBE to the publisher (0 ms), no REQUEST_ERROR followed"
test-client-1  |   ...
relay-1        | conn closed by peer (CONNECTION_CLOSE)
test-client-1  | ok 7 - subscribe-before-announce
relay-1        | conn closed by peer (CONNECTION_CLOSE)
test-client-1  |   ---
test-client-1  |   duration_ms: 1424
test-client-1  |   negotiated: moq-transport-22
test-client-1  |   outcome: "subscriber connected first; nothing resolved until the late announce, which the relay routed to it; the SUBSCRIBE then reached the publisher (0 ms), no REQUEST_ERROR followed (moq-net sends SUBSCRIBE only after an announce)"
test-client-1  |   ...
relay-1        | conn closed by peer (CONNECTION_CLOSE)
[Ktest-client-1 exited with code 0
 Compose Stopping Aborting on container exit...
 Container runner-copy-test-client-1 Stopping 
 Container runner-copy-test-client-1 Stopped 
 Container runner-copy-relay-1 Stopping 
 Container runner-copy-relay-1 Stopped 
[Krelay-1 exited with code 0

Test results in mlog/
